�x�X��,�ڋqCD,�ݒu�於��,�_��No,�_�񖾍�No,�_��i��CD,�_��i�ږ���,R����F�ؓ���
���������x�X�R,000000016,�e�X�g�f�[�^0016,1,2,Z100781,OTORAKU(ICT�{��2�N)(�{�H�Ȃ�),"2020-03-12 15:02:57"
