顧客CD,顧客ステータス,設置先名称,発送日,未着日,発送ステータス
000000012,確定,テストデータ0012,,,発送済
000000016,確定,テストデータ0016,2020-08-01,2020-08-01,未着
admin0011,確定,テストデータ0011,2020-08-01,2020-08-01,発送済
