顧客CD,設置先名称,アカウントID,メールアドレス,ログインID,パスワード,備考
000000002,テストデータ0002,2,test@usen-next.jp,test00002,お客様にて設定されたパスワード,,
