支店名,顧客CD,発送日,未着日,送付先名称,送付先郵便番号,送付先住所1,送付先住所2,送付先住所3
東京統括支店青山,000000016,2020-08-01,2020-08-01,テストデータ0016,150-0045,渋谷区神泉町,９−８,ビル２Ｆ
