顧客CD,設置先名称,チェーン店CD,チェーン店名称,ログインID,パスワード,メールアドレス,備考
000000004,テストデータ0004,,,y.dobashi@gmail.com,お客様にて設定されたパスワード,y-dobashi@usen.co.jp,停止中
