顧客CD,顧客ステータス,設置先名称,設置先電話番号,設置先郵便番号,設置先住所1,設置先住所2,設置先住所3,発送日（最新）,アカウントID,初回登録日,初回認証日時,アカウントステータス,"USEN CART利用可否",管轄支店コード,管轄支店名,メールアドレス,チェーン店CD,チェーン店名,業種CD,業種名
000010012,確定,テストデータ0012,0120-117-448,150-0045,渋谷区神泉町,９−８,ビル１Ｆ,,10012,2020-12-15,"2015-06-02 11:47:59",有効,利用可能,0204140700,東京統括支店青山,y-dobashi@usen-next.jp,,,001699,その他　会社関連
admin0001,確定,テストデータ0001,0120-117-448,150-0045,渋谷区神泉町,９−８,ビル１Ｆ,,1,2014-12-01,"2015-06-02 11:47:59",有効,利用可能,0204140700,東京統括支店青山,a-sakurai@usen.co.jp,,,001699,その他　会社関連
admin0003,確定,テストデータ0003,0120-117-448,150-0045,渋谷区神泉町,９−８,ビル３Ｆ,,3,2014-11-28,"2015-06-03 13:29:15",有効,利用可能,0204140700,東京統括支店青山,a-sakurai@usen.co.jp,,,001699,その他　会社関連
admin0005,確定,テストデータ0005,0120-117-448,150-0045,渋谷区神泉町,９−８,ビル５Ｆ,,5,2015-06-04,"2015-06-04 10:27:07",有効,利用可能,0204140700,東京統括支店青山,a-sakurai@usen.co.jp,,,001699,その他　会社関連
admin0010,確定,テストデータ0010,0120-117-448,150-0045,渋谷区神泉町,９−８,ビル１０Ｆ,,10,2014-11-28,"2015-06-02 12:07:33",有効,利用可能,0204140700,東京統括支店青山,a-sakurai@usen.co.jp,,,001699,その他　会社関連
